2026-02-11 11:31:30,074 - INFO - --- Market Data Validation V2 Started ---
2026-02-11 11:31:30,135 - INFO - Total stocks to validate: 5190
2026-02-11 11:31:39,279 - INFO - Progress: 100/5190 validated. Elapsed: 9.1s
2026-02-11 11:31:44,901 - INFO - Progress: 200/5190 validated. Elapsed: 14.8s
2026-02-11 11:31:49,775 - INFO - Progress: 300/5190 validated. Elapsed: 19.6s
2026-02-11 11:31:56,307 - INFO - Progress: 400/5190 validated. Elapsed: 26.2s
2026-02-11 11:32:00,963 - INFO - Progress: 500/5190 validated. Elapsed: 30.8s
2026-02-11 11:32:05,416 - INFO - Progress: 600/5190 validated. Elapsed: 35.3s
2026-02-11 11:32:09,838 - INFO - Progress: 700/5190 validated. Elapsed: 39.7s
2026-02-11 11:32:14,073 - INFO - Progress: 800/5190 validated. Elapsed: 43.9s
2026-02-11 11:32:18,182 - INFO - Progress: 900/5190 validated. Elapsed: 48.0s
2026-02-11 11:32:22,261 - INFO - Progress: 1000/5190 validated. Elapsed: 52.1s
2026-02-11 11:32:26,291 - INFO - Progress: 1100/5190 validated. Elapsed: 56.2s
2026-02-11 11:32:30,386 - INFO - Progress: 1200/5190 validated. Elapsed: 60.3s
2026-02-11 11:32:34,604 - INFO - Progress: 1300/5190 validated. Elapsed: 64.5s
2026-02-11 11:32:38,528 - INFO - Progress: 1400/5190 validated. Elapsed: 68.4s
2026-02-11 11:32:42,512 - INFO - Progress: 1500/5190 validated. Elapsed: 72.4s
2026-02-11 11:32:46,588 - INFO - Progress: 1600/5190 validated. Elapsed: 76.5s
2026-02-11 11:32:50,432 - INFO - Progress: 1700/5190 validated. Elapsed: 80.3s
2026-02-11 11:32:54,369 - INFO - Progress: 1800/5190 validated. Elapsed: 84.2s
2026-02-11 11:32:58,355 - INFO - Progress: 1900/5190 validated. Elapsed: 88.2s
2026-02-11 11:33:02,198 - INFO - Progress: 2000/5190 validated. Elapsed: 92.1s
2026-02-11 11:33:06,044 - INFO - Progress: 2100/5190 validated. Elapsed: 95.9s
2026-02-11 11:33:09,948 - INFO - Progress: 2200/5190 validated. Elapsed: 99.8s
2026-02-11 11:33:13,776 - INFO - Progress: 2300/5190 validated. Elapsed: 103.6s
2026-02-11 11:33:18,339 - INFO - Progress: 2400/5190 validated. Elapsed: 108.2s
2026-02-11 11:33:22,604 - INFO - Progress: 2500/5190 validated. Elapsed: 112.5s
2026-02-11 11:33:26,479 - INFO - Progress: 2600/5190 validated. Elapsed: 116.3s
2026-02-11 11:33:30,276 - INFO - Progress: 2700/5190 validated. Elapsed: 120.1s
2026-02-11 11:33:33,979 - INFO - Progress: 2800/5190 validated. Elapsed: 123.8s
2026-02-11 11:33:37,667 - INFO - Progress: 2900/5190 validated. Elapsed: 127.5s
2026-02-11 11:33:41,418 - INFO - Progress: 3000/5190 validated. Elapsed: 131.3s
2026-02-11 11:33:45,025 - INFO - Progress: 3100/5190 validated. Elapsed: 134.9s
2026-02-11 11:33:48,808 - INFO - Progress: 3200/5190 validated. Elapsed: 138.7s
2026-02-11 11:33:52,465 - INFO - Progress: 3300/5190 validated. Elapsed: 142.3s
2026-02-11 11:33:55,887 - INFO - Progress: 3400/5190 validated. Elapsed: 145.8s
2026-02-11 11:33:59,416 - INFO - Progress: 3500/5190 validated. Elapsed: 149.3s
2026-02-11 11:34:03,072 - INFO - Progress: 3600/5190 validated. Elapsed: 152.9s
2026-02-11 11:34:07,057 - INFO - Progress: 3700/5190 validated. Elapsed: 156.9s
2026-02-11 11:34:11,057 - INFO - Progress: 3800/5190 validated. Elapsed: 160.9s
2026-02-11 11:34:15,182 - INFO - Progress: 3900/5190 validated. Elapsed: 165.0s
2026-02-11 11:34:19,511 - INFO - Progress: 4000/5190 validated. Elapsed: 169.4s
2026-02-11 11:34:24,058 - INFO - Progress: 4100/5190 validated. Elapsed: 173.9s
2026-02-11 11:34:28,604 - INFO - Progress: 4200/5190 validated. Elapsed: 178.5s
2026-02-11 11:34:33,291 - INFO - Progress: 4300/5190 validated. Elapsed: 183.2s
2026-02-11 11:34:38,823 - INFO - Progress: 4400/5190 validated. Elapsed: 188.7s
2026-02-11 11:34:43,917 - INFO - Progress: 4500/5190 validated. Elapsed: 193.8s
2026-02-11 11:34:49,010 - INFO - Progress: 4600/5190 validated. Elapsed: 198.9s
2026-02-11 11:34:54,230 - INFO - Progress: 4700/5190 validated. Elapsed: 204.1s
2026-02-11 11:34:59,417 - INFO - Progress: 4800/5190 validated. Elapsed: 209.3s
2026-02-11 11:35:04,916 - INFO - Progress: 4900/5190 validated. Elapsed: 214.8s
2026-02-11 11:35:10,338 - INFO - Progress: 5000/5190 validated. Elapsed: 220.2s
2026-02-11 11:35:15,857 - INFO - Progress: 5100/5190 validated. Elapsed: 225.7s
2026-02-11 11:35:20,933 - INFO - --- Validation Finished. Final out.csv saved. Total time: 230.8s ---
2026-02-11 11:35:20,996 - INFO - Summary: {'Success': 5190}
